commands.c:24:15:check_command	24	static
commands.c:130:6:proc_inv_cmd	16	static
commands.c:136:6:proc_mr_cmd	48	dynamic
commands.c:164:6:proc_mw_cmd	40	static
commands.c:183:6:proc_mi_cmd	24	static
commands.c:207:6:proc_mo_cmd	24	static
commands.c:231:6:proc_rd_cmd	48	static
commands.c:262:6:proc_wd_cmd	40	static
commands.c:286:6:proc_ra_cmd	40	static
commands.c:310:6:proc_wa_cmd	32	static
commands.c:331:6:proc_last_cmd	280	static
commands.c:348:6:proc_help_cmd	16	static
commands.c:369:6:proc_ver_cmd	16	static
commands.c:383:6:proc_sp_cmd	24	static
commands.c:405:6:proc_ac_cmd	24	static
commands.c:425:6:proc_fni_cmd	16	static
commands.c:437:6:proc_ffi_cmd	16	static
commands.c:454:6:proc_fnf_cmd	16	static
commands.c:466:6:proc_fff_cmd	16	static
commands.c:482:6:proc_s_cmd	24	static
commands.c:517:6:proc_st_cmd	16	static
commands.c:538:6:proc_cs_cmd	24	static
commands.c:571:6:proc_en_cmd	24	static
commands.c:611:6:proc_un_cmd	56	static
commands.c:717:6:proc_vr_cmd	24	static
commands.c:745:6:proc_inc_cmd	24	static
commands.c:790:6:proc_dec_cmd	24	static
commands.c:833:6:proc_hw_cmd	24	static
commands.c:855:6:proc_fsw_cmd	16	static
commands.c:860:6:proc_sw_cmd	24	static
commands.c:882:6:proc_stw_cmd	16	static
commands.c:898:6:memory_read	32	static
commands.c:915:6:memory_write	32	static
commands.c:932:6:make_pin_input	64	static
commands.c:959:6:make_pin_output	64	static
commands.c:988:6:read_dig_input	48	static
commands.c:1013:6:write_dig_output	40	static
commands.c:1036:6:analog_read	16	static
commands.c:1048:6:analog_write	16	static
commands.c:1067:6:process_buf_nf	16	static
commands.c:1073:6:process_buf_if	16	static
commands.c:1091:6:process_buf_ff	24	static
commands.c:1103:6:process_buf	48	static
commands.c:1130:6:setDirection	16	static
