commands.c:17:15:check_command	24	static
commands.c:95:6:proc_inv_cmd	16	static
commands.c:101:6:proc_mr_cmd	48	dynamic
commands.c:129:6:proc_mw_cmd	40	static
commands.c:148:6:proc_mi_cmd	24	static
commands.c:172:6:proc_mo_cmd	24	static
commands.c:196:6:proc_rd_cmd	48	static
commands.c:227:6:proc_wd_cmd	40	static
commands.c:251:6:proc_ra_cmd	40	static
commands.c:275:6:proc_wa_cmd	32	static
commands.c:296:6:proc_last_cmd	280	static
commands.c:313:6:proc_help_cmd	16	static
commands.c:334:6:proc_ver_cmd	16	static
commands.c:348:6:proc_sp_cmd	24	static
commands.c:370:6:proc_ac_cmd	24	static
commands.c:390:6:proc_fni_cmd	16	static
commands.c:402:6:proc_ffi_cmd	16	static
commands.c:418:6:proc_fnf_cmd	16	static
commands.c:430:6:proc_fff_cmd	16	static
commands.c:446:6:proc_s_cmd	24	static
commands.c:481:6:proc_st_cmd	16	static
commands.c:504:6:memory_read	32	static
commands.c:521:6:memory_write	32	static
commands.c:538:6:make_pin_input	64	static
commands.c:565:6:make_pin_output	64	static
commands.c:594:6:read_dig_input	48	static
commands.c:619:6:write_dig_output	40	static
commands.c:642:6:analog_read	16	static
commands.c:654:6:analog_write	16	static
commands.c:673:6:process_buf_nf	16	static
commands.c:679:6:process_buf_if	16	static
commands.c:697:6:process_buf_ff	24	static
commands.c:709:6:process_buf	48	static
