commands.c:5:15:check_command	24	static
commands.c:74:6:proc_inv_cmd	16	static
commands.c:80:6:proc_mr_cmd	48	dynamic
commands.c:108:6:proc_mw_cmd	40	static
commands.c:127:6:proc_mi_cmd	24	static
commands.c:151:6:proc_mo_cmd	24	static
commands.c:175:6:proc_rd_cmd	48	static
commands.c:206:6:proc_wd_cmd	40	static
commands.c:230:6:proc_ra_cmd	40	static
commands.c:255:6:proc_last_cmd	280	static
commands.c:272:6:proc_help_cmd	16	static
commands.c:293:6:proc_ver_cmd	16	static
commands.c:307:6:proc_sp_cmd	24	static
commands.c:326:6:proc_ac_cmd	24	static
commands.c:341:6:proc_fn_cmd	16	static
commands.c:351:6:proc_ff_cmd	16	static
commands.c:361:6:proc_s_cmd	24	static
commands.c:387:6:proc_st_cmd	16	static
commands.c:401:6:memory_read	32	static
commands.c:418:6:memory_write	32	static
commands.c:435:6:make_pin_input	64	static
commands.c:462:6:make_pin_output	64	static
commands.c:491:6:read_dig_input	48	static
commands.c:516:6:write_dig_output	40	static
commands.c:539:6:analog_read	16	static
commands.c:552:6:config_sample	8	static
