commands.c:5:15:check_command	24	static
commands.c:77:6:proc_inv_cmd	16	static
commands.c:83:6:proc_mr_cmd	48	dynamic
commands.c:111:6:proc_mw_cmd	40	static
commands.c:130:6:proc_mi_cmd	24	static
commands.c:154:6:proc_mo_cmd	24	static
commands.c:178:6:proc_rd_cmd	48	static
commands.c:209:6:proc_wd_cmd	40	static
commands.c:233:6:proc_ra_cmd	40	static
commands.c:257:6:proc_wa_cmd	32	static
commands.c:277:6:proc_last_cmd	280	static
commands.c:294:6:proc_help_cmd	16	static
commands.c:315:6:proc_ver_cmd	16	static
commands.c:329:6:proc_sp_cmd	24	static
commands.c:351:6:proc_ac_cmd	24	static
commands.c:371:6:proc_fn_cmd	16	static
commands.c:384:6:proc_ff_cmd	16	static
commands.c:397:6:proc_s_cmd	24	static
commands.c:427:6:proc_st_cmd	16	static
commands.c:443:6:memory_read	32	static
commands.c:460:6:memory_write	32	static
commands.c:477:6:make_pin_input	64	static
commands.c:504:6:make_pin_output	64	static
commands.c:533:6:read_dig_input	48	static
commands.c:558:6:write_dig_output	40	static
commands.c:581:6:analog_read	16	static
commands.c:593:6:analog_write	16	static
