stm32f7xx_it.c:74:6:NMI_Handler	4	static
stm32f7xx_it.c:89:6:HardFault_Handler	4	static
stm32f7xx_it.c:104:6:MemManage_Handler	4	static
stm32f7xx_it.c:119:6:BusFault_Handler	4	static
stm32f7xx_it.c:134:6:UsageFault_Handler	4	static
stm32f7xx_it.c:149:6:SVC_Handler	4	static
stm32f7xx_it.c:162:6:DebugMon_Handler	4	static
stm32f7xx_it.c:175:6:PendSV_Handler	4	static
stm32f7xx_it.c:188:6:SysTick_Handler	8	static
stm32f7xx_it.c:209:6:ADC_IRQHandler	8	static
stm32f7xx_it.c:223:6:TIM1_BRK_TIM9_IRQHandler	8	static
stm32f7xx_it.c:238:6:TIM1_UP_TIM10_IRQHandler	8	static
stm32f7xx_it.c:252:6:TIM3_IRQHandler	8	static
stm32f7xx_it.c:266:6:TIM4_IRQHandler	8	static
stm32f7xx_it.c:280:6:USART3_IRQHandler	8	static
stm32f7xx_it.c:294:6:EXTI15_10_IRQHandler	8	static
