tim.c:30:6:MX_TIM1_Init1	88	static
tim.c:85:6:MX_TIM3_Init1	72	static
tim.c:135:6:MX_TIM1_Init	40	static
tim.c:177:6:MX_TIM2_Init	64	static
tim.c:231:6:MX_TIM3_Init	40	static
tim.c:271:6:HAL_TIM_Base_MspInit	32	static
tim.c:316:6:HAL_TIM_MspPostInit	40	static
tim.c:344:6:HAL_TIM_Base_MspDeInit	16	static
tim.c:390:6:HAL_TIM_PeriodElapsedCallback	16	static
tim.c:408:6:process_units_rads	8	static
tim.c:414:6:process_units_rps	8	static
tim.c:420:6:process_units_hz	8	static
tim.c:426:6:process_units_rpm	8	static
tim.c:432:6:set_units	16	static
